../app/cart/page.tsx(84,33): error TS2322: Type '{ cart: {}; }' is not assignable to type 'IntrinsicAttributes & CartClientProps'.
  Property 'cart' does not exist on type 'IntrinsicAttributes & CartClientProps'.
../components/myComponents/subs/cart-client.tsx(48,10): error TS2614: Module '"./Login"' has no exported member 'Login'. Did you mean to use 'import Login from "./Login"' instead?
../components/myComponents/subs/cart-client.tsx(48,23): error TS1261: Already included file name 'C:/Users/Ololade/Desktop/portfolio/commerce/health-clique/components/myComponents/subs/Login.tsx' differs from file name 'C:/Users/Ololade/Desktop/portfolio/commerce/health-clique/components/myComponents/subs/login.tsx' only in casing.
  The file is in the program because:
    Imported via "./Login" from file 'C:/Users/Ololade/Desktop/portfolio/commerce/health-clique/components/myComponents/subs/cart-client.tsx'
    Imported via './login' from file 'C:/Users/Ololade/Desktop/portfolio/commerce/health-clique/components/myComponents/subs/signup.tsx'
    Imported via "./login" from file 'C:/Users/Ololade/Desktop/portfolio/commerce/health-clique/components/myComponents/subs/index.ts'
    Imported via "./login" from file 'C:/Users/Ololade/Desktop/portfolio/commerce/health-clique/components/myComponents/subs/LoginPopup.tsx'
    Matched by include pattern '**/*.tsx' in 'C:/Users/Ololade/Desktop/portfolio/commerce/health-clique/tsconfig.json'
../components/myComponents/subs/cart-client.tsx(49,10): error TS2614: Module '"./Signup"' has no exported member 'Signup'. Did you mean to use 'import Signup from "./Signup"' instead?
../components/myComponents/subs/cart-client.tsx(49,24): error TS1149: File name 'C:/Users/Ololade/Desktop/portfolio/commerce/health-clique/components/myComponents/subs/Signup.tsx' differs from already included file name 'C:/Users/Ololade/Desktop/portfolio/commerce/health-clique/components/myComponents/subs/signup.tsx' only in casing.
  The file is in the program because:
    Imported via './signup' from file 'C:/Users/Ololade/Desktop/portfolio/commerce/health-clique/components/myComponents/subs/Login.tsx'
    Imported via "./Signup" from file 'C:/Users/Ololade/Desktop/portfolio/commerce/health-clique/components/myComponents/subs/cart-client.tsx'
    Imported via "./signup" from file 'C:/Users/Ololade/Desktop/portfolio/commerce/health-clique/components/myComponents/subs/index.ts'
    Imported via "./signup" from file 'C:/Users/Ololade/Desktop/portfolio/commerce/health-clique/components/myComponents/subs/LoginPopup.tsx'
    Matched by include pattern '**/*.tsx' in 'C:/Users/Ololade/Desktop/portfolio/commerce/health-clique/tsconfig.json'
../components/myComponents/subs/cart.tsx(53,49): error TS2322: Type '{ className: string; cart: any[]; }' is not assignable to type 'IntrinsicAttributes & CartClientProps'.
  Property 'cart' does not exist on type 'IntrinsicAttributes & CartClientProps'.
../components/myComponents/subs/index.ts(10,41): error TS1149: File name 'C:/Users/Ololade/Desktop/portfolio/commerce/health-clique/components/myComponents/subs/login.tsx' differs from already included file name 'C:/Users/Ololade/Desktop/portfolio/commerce/health-clique/components/myComponents/subs/Login.tsx' only in casing.
  The file is in the program because:
    Imported via "./Login" from file 'C:/Users/Ololade/Desktop/portfolio/commerce/health-clique/components/myComponents/subs/cart-client.tsx'
    Imported via './login' from file 'C:/Users/Ololade/Desktop/portfolio/commerce/health-clique/components/myComponents/subs/signup.tsx'
    Imported via "./login" from file 'C:/Users/Ololade/Desktop/portfolio/commerce/health-clique/components/myComponents/subs/index.ts'
    Imported via "./login" from file 'C:/Users/Ololade/Desktop/portfolio/commerce/health-clique/components/myComponents/subs/LoginPopup.tsx'
    Matched by include pattern '**/*.tsx' in 'C:/Users/Ololade/Desktop/portfolio/commerce/health-clique/tsconfig.json'
../components/myComponents/subs/LoginPopup.tsx(12,27): error TS1149: File name 'C:/Users/Ololade/Desktop/portfolio/commerce/health-clique/components/myComponents/subs/login.tsx' differs from already included file name 'C:/Users/Ololade/Desktop/portfolio/commerce/health-clique/components/myComponents/subs/Login.tsx' only in casing.
  The file is in the program because:
    Imported via "./Login" from file 'C:/Users/Ololade/Desktop/portfolio/commerce/health-clique/components/myComponents/subs/cart-client.tsx'
    Imported via './login' from file 'C:/Users/Ololade/Desktop/portfolio/commerce/health-clique/components/myComponents/subs/signup.tsx'
    Imported via "./login" from file 'C:/Users/Ololade/Desktop/portfolio/commerce/health-clique/components/myComponents/subs/index.ts'
    Imported via "./login" from file 'C:/Users/Ololade/Desktop/portfolio/commerce/health-clique/components/myComponents/subs/LoginPopup.tsx'
    Matched by include pattern '**/*.tsx' in 'C:/Users/Ololade/Desktop/portfolio/commerce/health-clique/tsconfig.json'
../components/myComponents/subs/signup.tsx(19,34): error TS1149: File name 'C:/Users/Ololade/Desktop/portfolio/commerce/health-clique/components/myComponents/subs/login.tsx' differs from already included file name 'C:/Users/Ololade/Desktop/portfolio/commerce/health-clique/components/myComponents/subs/Login.tsx' only in casing.
  The file is in the program because:
    Imported via "./Login" from file 'C:/Users/Ololade/Desktop/portfolio/commerce/health-clique/components/myComponents/subs/cart-client.tsx'
    Imported via './login' from file 'C:/Users/Ololade/Desktop/portfolio/commerce/health-clique/components/myComponents/subs/signup.tsx'
    Imported via "./login" from file 'C:/Users/Ololade/Desktop/portfolio/commerce/health-clique/components/myComponents/subs/index.ts'
    Imported via "./login" from file 'C:/Users/Ololade/Desktop/portfolio/commerce/health-clique/components/myComponents/subs/LoginPopup.tsx'
    Matched by include pattern '**/*.tsx' in 'C:/Users/Ololade/Desktop/portfolio/commerce/health-clique/tsconfig.json'
